ABTIN@HMD MINGW64 ~/Desktop/coding/Git-Github tutorial/git maktabkhoneh/New Git Folder/GitHub-Git (master)
$ git checkout -b feature-1
Switched to a new branch 'feature-1'

ABTIN@HMD MINGW64 ~/Desktop/coding/Git-Github tutorial/git maktabkhoneh/New Git Folder/GitHub-Git (feature-1)
$ touch feature-1.txt

ABTIN@HMD MINGW64 ~/Desktop/coding/Git-Github tutorial/git maktabkhoneh/New Git Folder/GitHub-Git (feature-1)
$ git status
On branch feature-1
Untracked files:
  (use "git add <file>..." to include in what will be committed)
        MaktabKhoneh/feature-1.txt

nothing added to commit but untracked files present (use "git add" to track)

ABTIN@HMD MINGW64 ~/Desktop/coding/Git-Github tutorial/git maktabkhoneh/New Git Folder/GitHub-Git (feature-1)
$ git commit -m "create barch fearure-1 and feature-1.txt file"
On branch feature-1
Untracked files:
  (use "git add <file>..." to include in what will be committed)
        MaktabKhoneh/feature-1.txt

nothing added to commit but untracked files present (use "git add" to track)

ABTIN@HMD MINGW64 ~/Desktop/coding/Git-Github tutorial/git maktabkhoneh/New Git Folder/GitHub-Git (feature-1)
$ git add .

ABTIN@HMD MINGW64 ~/Desktop/coding/Git-Github tutorial/git maktabkhoneh/New Git Folder/GitHub-Git (feature-1)
$ git commit -m "create barch fearure-1 and feature-1.txt file"
[feature-1 88ca64c] create barch fearure-1 and feature-1.txt file
 1 file changed, 0 insertions(+), 0 deletions(-)
 create mode 100644 MaktabKhoneh/feature-1.txt

ABTIN@HMD MINGW64 ~/Desktop/coding/Git-Github tutorial/git maktabkhoneh/New Git Folder/GitHub-Git (feature-1)
$ git commit -m "Sava branch feature-1 git stages"
[feature-1 edab038] Sava branch feature-1 git stages
 1 file changed, 33 insertions(+)

ABTIN@HMD MINGW64 ~/Desktop/coding/Git-Github tutorial/git maktabkhoneh/New Git Folder/GitHub-Git (feature-1)
$ git log --oneline
edab038 (HEAD -> feature-1) Sava branch feature-1 git stages
88ca64c create barch fearure-1 and feature-1.txt file
4a24a58 (origin/master, origin/HEAD, master) Second git project push and clone
5a82ce1 Second project of git course
86c5487 Make files Ready to push
dbd545e First Project
f07c0d6 New Skills have been saved
f8d9955 Save courses
b6a3d26 create courses and skills txt files
7d847cf save name and last name
0545c59 create PersoalInformation file

