ABTIN@HMD MINGW64 ~/Desktop/coding/Git-Github tutorial/git maktabkhoneh/New Git Folder/GitHub-Git (master)
$ git merge feature-1
Updating 4a24a58..3ccced1
Fast-forward
 MaktabKhoneh/feature-1.txt       | 53 ++++++++++++++++++++++++++++++++++++++++
 MaktabKhoneh/gitMergeDetails.txt |  0
 2 files changed, 53 insertions(+)
 create mode 100644 MaktabKhoneh/feature-1.txt
 create mode 100644 MaktabKhoneh/gitMergeDetails.txt

ABTIN@HMD MINGW64 ~/Desktop/coding/Git-Github tutorial/git maktabkhoneh/New Git Folder/GitHub-Git (master)
$ git log --oneline --graph
* 3ccced1 (HEAD -> master, feature-1) merg txt file
* 41b2366 oneline log git stage in branches
* edab038 Sava branch feature-1 git stages
* 88ca64c create barch fearure-1 and feature-1.txt file
* 4a24a58 (origin/master, origin/HEAD) Second git project push and clone
* 5a82ce1 Second project of git course
* 86c5487 Make files Ready to push
* dbd545e First Project
* f07c0d6 New Skills have been saved
* f8d9955 Save courses
* b6a3d26 create courses and skills txt files
* 7d847cf save name and last name
* 0545c59 create PersoalInformation file
